[1/25] iter  100000: after-word peak sep 0.414 at L15, first 9/9 minpair at L09  (char_uppercase_16L_1280_iter100000.pt)
[2/25] iter  120000: after-word peak sep 0.362 at L15, first 9/9 minpair at L09  (char_uppercase_16L_1280_iter120000.pt)
[3/25] iter  140000: after-word peak sep 0.422 at L15, first 9/9 minpair at L09  (char_uppercase_16L_1280_iter140000.pt)
[4/25] iter  160000: after-word peak sep 0.372 at L15, first 9/9 minpair at L08  (char_uppercase_16L_1280_iter160000.pt)
[5/25] iter  180000: after-word peak sep 0.463 at L15, first 9/9 minpair at L08  (char_uppercase_16L_1280_iter180000.pt)
[6/25] iter   20000: after-word peak sep 0.009 at L14, first 9/9 minpair at --  (char_uppercase_16L_1280_iter20000.pt)
[7/25] iter  200000: after-word peak sep 0.409 at L15, first 9/9 minpair at L08  (char_uppercase_16L_1280_iter200000.pt)
[8/25] iter  220000: after-word peak sep 0.374 at L13, first 9/9 minpair at L08  (char_uppercase_16L_1280_iter220000.pt)
[9/25] iter  240000: after-word peak sep 0.444 at L15, first 9/9 minpair at L08  (char_uppercase_16L_1280_iter240000.pt)
[10/25] iter  260000: after-word peak sep 0.407 at L15, first 9/9 minpair at L08  (char_uppercase_16L_1280_iter260000.pt)
[11/25] iter  280000: after-word peak sep 0.391 at L13, first 9/9 minpair at L08  (char_uppercase_16L_1280_iter280000.pt)
[12/25] iter  300000: after-word peak sep 0.417 at L15, first 9/9 minpair at L08  (char_uppercase_16L_1280_iter300000.pt)
[13/25] iter  320000: after-word peak sep 0.415 at L15, first 9/9 minpair at L08  (char_uppercase_16L_1280_iter320000.pt)
[14/25] iter  340000: after-word peak sep 0.428 at L15, first 9/9 minpair at L08  (char_uppercase_16L_1280_iter340000.pt)
[15/25] iter  360000: after-word peak sep 0.431 at L15, first 9/9 minpair at L07  (char_uppercase_16L_1280_iter360000.pt)
[16/25] iter  380000: after-word peak sep 0.396 at L15, first 9/9 minpair at L08  (char_uppercase_16L_1280_iter380000.pt)
[17/25] iter   40000: after-word peak sep 0.198 at L15, first 9/9 minpair at --  (char_uppercase_16L_1280_iter40000.pt)
[18/25] iter  400000: after-word peak sep 0.397 at L15, first 9/9 minpair at L07  (char_uppercase_16L_1280_iter400000.pt)
[19/25] iter  420000: after-word peak sep 0.393 at L15, first 9/9 minpair at L07  (char_uppercase_16L_1280_iter420000.pt)
[20/25] iter  440000: after-word peak sep 0.391 at L13, first 9/9 minpair at L07  (char_uppercase_16L_1280_iter440000.pt)
[21/25] iter  460000: after-word peak sep 0.404 at L13, first 9/9 minpair at L07  (char_uppercase_16L_1280_iter460000.pt)
[22/25] iter  480000: after-word peak sep 0.377 at L13, first 9/9 minpair at L07  (char_uppercase_16L_1280_iter480000.pt)
[23/25] iter   60000: after-word peak sep 0.323 at L15, first 9/9 minpair at L13  (char_uppercase_16L_1280_iter60000.pt)
[24/25] iter   80000: after-word peak sep 0.429 at L15, first 9/9 minpair at --  (char_uppercase_16L_1280_iter80000.pt)
[25/25] iter  500000: after-word peak sep 0.384 at L13, first 9/9 minpair at L08  (char_uppercase_16L_1280_final.pt)

Wrote terminal_logs/category_geometry_sweep_2026_06_23.tsv
Wrote plots/category_geometry_sweep_2026_06_23.png
